// Jest Snapshot v1, https://goo.gl/fbAQLP

exports[`Jest - Navbar snapshop renders correctly 1`] = `
<nav
  className="navbar navbar-expand-lg navbar-light"
>
  <a
    className="navbar-brand"
    href="/"
  >
    Shift Gig Message Board
  </a>
  <ul
    className="navbar-nav mr-auto"
  >
    <li
      className="nav-item"
    >
      <a
        className="nav-link"
        href="/"
      >
        All Posts
      </a>
    </li>
  </ul>
</nav>
`;
